type Closure<env, a, b> = Closure (env, env -> (a -> b)) 
