type Position =
  {offset : Int }
type Located<a> =
  {value : a  ; position : Position }
