extern `++` : forall a.List<a>  * List<a> -> List<a>
