val main =
  def ping () = (pong ()) and pong () = (ping ()) ; ping ()
