val main =
  (if (failure ()) then(print (error_message)));
  (exit (EXIT_FAILURE))
