Process exited with status exited(0).
STDOUT:
377313
STDERR:



