Process exited with status exited(0).
STDOUT:
37731331
STDERR:



