Process exited with status exited(0).
STDOUT:
3773133142
STDERR:



