Process exited with status exited(0).
STDOUT:
111
STDERR:



