Process exited with status exited(0).
STDOUT:
12345
STDERR:



