Process exited with status exited(0).
STDOUT:
1234523456345674567856789
STDERR:



