Process exited with status exited(0).
STDOUT:
1234567891011
STDERR:



