Process exited with status exited(0).
STDOUT:
9876543210
STDERR:



