Process exited with status exited(0).
STDOUT:
2-2
STDERR:



