Process exited with status exited(0).
STDOUT:
8128291617894825984
STDERR:



