Process exited with status exited(0).
STDOUT:
89
STDERR:



