Process exited with status exited(0).
STDOUT:
45151
STDERR:



