Process exited with status exited(0).
STDOUT:
28
STDERR:



