Process exited with status exited(0).
STDOUT:
10000000
STDERR:



