double_omega : Int -> Int
omega : Int -> Int
main : Int
