fst : Int * Int -> Int
snd : Int * Int -> Int
main : Int
