false_rec : forall a, b. a -> b
false_rec2 : forall b, a. a -> b
main : String
