fix0 : forall a, b. ((a -> b) -> (a -> b)) * a * b -> b
